// Jest Snapshot v1, https://goo.gl/fbAQLP

exports[`renders BookItem correctly 1`] = `
<div
  class="loadingIndicator"
/>
`;
